error 101: User's online time could not be tracked, because it is not known when he went online